<html>
<body>
<pre>
<h1>µVision Build Log</h1>
<h2>Tool Versions:</h2>
IDE-Version: ¦ÌVision V5.21.1.0
Copyright (C) 2016 ARM Ltd and ARM Germany GmbH. All rights reserved.
License Information: ¡£ Administrator, ¡£, LIC=4ZLX7-EWSCK-49EG2-9Y3NE-ZXPRZ-JJUW5
 
Tool Versions:
Toolchain:       MDK-ARM Professional  Version: 5.21a
Toolchain Path:  D:\MDK\ARM\ARMCC\Bin
C Compiler:      Armcc.exe V5.06 update 3 (build 300)
Assembler:       Armasm.exe V5.06 update 3 (build 300)
Linker/Locator:  ArmLink.exe V5.06 update 3 (build 300)
Library Manager: ArmAr.exe V5.06 update 3 (build 300)
Hex Converter:   FromElf.exe V5.06 update 3 (build 300)
CPU DLL:         SARMCM3.DLL V5.21a
Dialog DLL:      DCM.DLL V1.13.8.0
Target DLL:      STLink\ST-LINKIII-KEIL_SWO.dll V2.0.18.0
Dialog DLL:      TCM.DLL V1.14.14.0
 
<h2>Project:</h2>
E:\µç¿ª\32ÊÓÆµ\STM32Á·Ï°\¿¼ºË£¨¿âº¯Êý£©\USER\OLED.uvprojx
Project File Date:  08/26/2019

<h2>Output:</h2>
*** Using Compiler 'V5.06 update 3 (build 300)', folder: 'D:\MDK\ARM\ARMCC\Bin'
Rebuild target 'Target 1'
compiling stm32f10x_it.c...
compiling main.c...
compiling system_stm32f10x.c...
compiling myiic.c...
compiling pid.c...
compiling timer.c...
compiling 24cxx.c...
compiling lcd.c...
compiling key1.c...
compiling mprintf.c...
compiling sys.c...
compiling delay.c...
assembling startup_stm32f10x_hd.s...
compiling core_cm3.c...
compiling usart.c...
compiling misc.c...
compiling stm32f10x_gpio.c...
compiling stm32f10x_rcc.c...
compiling stm32f10x_usart.c...
compiling stm32f10x_i2c.c...
compiling stm32f10x_tim.c...
linking...
Program Size: Code=21946 RO-data=5234 RW-data=1044 ZI-data=1900  
FromELF: creating hex file...
"..\OBJ\OLED.axf" - 0 Error(s), 0 Warning(s).

<h2>Collection of Component include folders:</h2>
  E:\µç¿ª\32ÊÓÆµ\STM32Á·Ï°\¿¼ºË£¨¿âº¯Êý£©\USER\RTE
  D:\MDK\ARM\PACK\Keil\STM32F1xx_DFP\1.0.5\Device\Include

<h2>Collection of Component Files used:</h2>
Build Time Elapsed:  00:00:06
</pre>
</body>
</html>
